// Jest Snapshot v1, https://goo.gl/fbAQLP

exports[`<TextComponent /> should match a snapshot 1`] = `
.c0 {
  font-size: 2.4rem;
}

<div>
  <p
    class="c0"
  >
    Children
     
  </p>
</div>
`;

exports[`<TextComponent /> should render a text 1`] = `
.c0 {
  font-size: 2.4rem;
}

<div>
  <p
    class="c0"
  >
    Children
     
  </p>
</div>
`;
